// Jest Snapshot v1, https://goo.gl/fbAQLP

exports[`Card should match snapshot 1`] = `
<div
  className="card"
>
  <p
    className="card-label"
  />
</div>
`;
